<?xml version="1.0" encoding="UTF-8"?>
<TestRun id="667ce7b4-cd37-481d-9bf7-f121dda13c6f" name="Garth@HOME-PC 2012-10-21 21:59:44" runUser="Home-PC\Garth" xmlns="http://microsoft.com/schemas/VisualStudio/TeamTest/2010">
  <TestSettings name="Local" id="ca016ff4-8a36-4ae7-8e54-6875c4006350">
    <Description>These are default test settings for a local test run.</Description>
    <Deployment enabled="false" runDeploymentRoot="Garth_HOME-PC 2012-10-21 21_59_44" />
    <Execution>
      <TestTypeSpecific />
      <AgentRule name="Execution Agents">
      </AgentRule>
    </Execution>
  </TestSettings>
  <Times creation="2012-10-21T21:59:44.5113029+01:00" queuing="2012-10-21T21:59:44.5253037+01:00" start="2012-10-21T21:59:44.5293040+01:00" finish="2012-10-21T21:59:44.8163204+01:00" />
  <ResultSummary outcome="Completed">
    <Counters total="3" executed="3" passed="3" error="0" failed="0" timeout="0" aborted="0" inconclusive="0" passedButRunAborted="0" notRunnable="0" notExecuted="0" disconnected="0" warning="0" completed="0" inProgress="0" pending="0" />
  </ResultSummary>
  <TestDefinitions>
    <UnitTest name="SingleItemCanBeFetched" storage="c:\currentbuilds\scrumdeveloperkainosoctober2012\courseprojects\visualstudioprojects\linkedlistchallenge\linkedlistmsteststart\bin\debug\linkedlistmsteststart.dll" id="b38641a9-6e86-fe7d-b42c-ece4c38262df">
      <Execution id="d770c71e-4853-4555-a16c-6e36936e8f0a" />
      <TestMethod codeBase="C:/CurrentBuilds/ScrumDeveloperKainosOctober2012/CourseProjects/VisualStudioProjects/LinkedListChallenge/LinkedListMSTestStart/bin/Debug/LinkedListMSTestStart.DLL" adapterTypeName="Microsoft.VisualStudio.TestTools.TestTypes.Unit.UnitTestAdapter, Microsoft.VisualStudio.QualityTools.Tips.UnitTest.Adapter, Version=10.0.0.0, Culture=neutral, PublicKeyToken=b03f5f7f11d50a3a" className="LinkedListMSTestStart.LinkedListTest, LinkedListMSTestStart, Version=1.0.0.0, Culture=neutral, PublicKeyToken=null" name="SingleItemCanBeFetched" />
    </UnitTest>
    <UnitTest name="ListWithItemsIsntEmpty" storage="c:\currentbuilds\scrumdeveloperkainosoctober2012\courseprojects\visualstudioprojects\linkedlistchallenge\linkedlistmsteststart\bin\debug\linkedlistmsteststart.dll" id="b7aeb646-dbc7-09f9-c0c5-17cbd8f870c2">
      <Execution id="44015c0f-76f7-4364-84c0-b387c1f27f3e" />
      <TestMethod codeBase="C:/CurrentBuilds/ScrumDeveloperKainosOctober2012/CourseProjects/VisualStudioProjects/LinkedListChallenge/LinkedListMSTestStart/bin/Debug/LinkedListMSTestStart.DLL" adapterTypeName="Microsoft.VisualStudio.TestTools.TestTypes.Unit.UnitTestAdapter, Microsoft.VisualStudio.QualityTools.Tips.UnitTest.Adapter, Version=10.0.0.0, Culture=neutral, PublicKeyToken=b03f5f7f11d50a3a" className="LinkedListMSTestStart.LinkedListTest, LinkedListMSTestStart, Version=1.0.0.0, Culture=neutral, PublicKeyToken=null" name="ListWithItemsIsntEmpty" />
    </UnitTest>
    <UnitTest name="NewListIsEmpty" storage="c:\currentbuilds\scrumdeveloperkainosoctober2012\courseprojects\visualstudioprojects\linkedlistchallenge\linkedlistmsteststart\bin\debug\linkedlistmsteststart.dll" id="2956a1e5-41fe-134a-0dab-ce607461e05a">
      <Execution id="d74cd08f-227f-4d53-8a97-6f63c6adf9c7" />
      <TestMethod codeBase="C:/CurrentBuilds/ScrumDeveloperKainosOctober2012/CourseProjects/VisualStudioProjects/LinkedListChallenge/LinkedListMSTestStart/bin/Debug/LinkedListMSTestStart.DLL" adapterTypeName="Microsoft.VisualStudio.TestTools.TestTypes.Unit.UnitTestAdapter, Microsoft.VisualStudio.QualityTools.Tips.UnitTest.Adapter, Version=10.0.0.0, Culture=neutral, PublicKeyToken=b03f5f7f11d50a3a" className="LinkedListMSTestStart.LinkedListTest, LinkedListMSTestStart, Version=1.0.0.0, Culture=neutral, PublicKeyToken=null" name="NewListIsEmpty" />
    </UnitTest>
  </TestDefinitions>
  <TestLists>
    <TestList name="Results Not in a List" id="8c84fa94-04c1-424b-9868-57a2d4851a1d" />
    <TestList name="All Loaded Results" id="19431567-8539-422a-85d7-44ee4e166bda" />
  </TestLists>
  <TestEntries>
    <TestEntry testId="2956a1e5-41fe-134a-0dab-ce607461e05a" executionId="d74cd08f-227f-4d53-8a97-6f63c6adf9c7" testListId="8c84fa94-04c1-424b-9868-57a2d4851a1d" />
    <TestEntry testId="b38641a9-6e86-fe7d-b42c-ece4c38262df" executionId="d770c71e-4853-4555-a16c-6e36936e8f0a" testListId="8c84fa94-04c1-424b-9868-57a2d4851a1d" />
    <TestEntry testId="b7aeb646-dbc7-09f9-c0c5-17cbd8f870c2" executionId="44015c0f-76f7-4364-84c0-b387c1f27f3e" testListId="8c84fa94-04c1-424b-9868-57a2d4851a1d" />
  </TestEntries>
  <Results>
    <UnitTestResult executionId="d74cd08f-227f-4d53-8a97-6f63c6adf9c7" testId="2956a1e5-41fe-134a-0dab-ce607461e05a" testName="NewListIsEmpty" computerName="HOME-PC" duration="00:00:00.0101046" startTime="2012-10-21T21:59:44.5313041+01:00" endTime="2012-10-21T21:59:44.7163146+01:00" testType="13cdc9d9-ddb5-4fa4-a97d-d965ccfc6d4b" outcome="Passed" testListId="8c84fa94-04c1-424b-9868-57a2d4851a1d" relativeResultsDirectory="d74cd08f-227f-4d53-8a97-6f63c6adf9c7">
    </UnitTestResult>
    <UnitTestResult executionId="d770c71e-4853-4555-a16c-6e36936e8f0a" testId="b38641a9-6e86-fe7d-b42c-ece4c38262df" testName="SingleItemCanBeFetched" computerName="HOME-PC" duration="00:00:00.0005693" startTime="2012-10-21T21:59:44.7173147+01:00" endTime="2012-10-21T21:59:44.7293154+01:00" testType="13cdc9d9-ddb5-4fa4-a97d-d965ccfc6d4b" outcome="Passed" testListId="8c84fa94-04c1-424b-9868-57a2d4851a1d" relativeResultsDirectory="d770c71e-4853-4555-a16c-6e36936e8f0a">
    </UnitTestResult>
    <UnitTestResult executionId="44015c0f-76f7-4364-84c0-b387c1f27f3e" testId="b7aeb646-dbc7-09f9-c0c5-17cbd8f870c2" testName="ListWithItemsIsntEmpty" computerName="HOME-PC" duration="00:00:00.0002166" startTime="2012-10-21T21:59:44.7333156+01:00" endTime="2012-10-21T21:59:44.7373158+01:00" testType="13cdc9d9-ddb5-4fa4-a97d-d965ccfc6d4b" outcome="Passed" testListId="8c84fa94-04c1-424b-9868-57a2d4851a1d" relativeResultsDirectory="44015c0f-76f7-4364-84c0-b387c1f27f3e">
    </UnitTestResult>
  </Results>
</TestRun>